\BOOKMARK [0][-]{chapter.1}{\376\377\000I\000n\000t\000r\000o\000d\000u\000z\000i\000o\000n\000e}{}% 1
\BOOKMARK [1][-]{section.1.1}{\376\377\000O\000b\000i\000e\000t\000t\000i\000v\000i\000\040\000d\000e\000l\000\040\000P\000r\000o\000g\000e\000t\000t\000o}{chapter.1}% 2
\BOOKMARK [1][-]{section.1.2}{\376\377\000O\000r\000g\000a\000n\000i\000z\000z\000a\000z\000i\000o\000n\000e\000\040\000d\000e\000l\000l\000a\000\040\000R\000e\000l\000a\000z\000i\000o\000n\000e}{chapter.1}% 3
\BOOKMARK [0][-]{chapter.2}{\376\377\000B\000a\000c\000k\000g\000r\000o\000u\000n\000d\000\040\000T\000e\000o\000r\000i\000c\000o}{}% 4
\BOOKMARK [1][-]{section.2.1}{\376\377\000K\000n\000o\000w\000l\000e\000d\000g\000e\000\040\000D\000i\000s\000t\000i\000l\000l\000a\000t\000i\000o\000n}{chapter.2}% 5
\BOOKMARK [2][-]{subsection.2.1.1}{\376\377\000F\000o\000r\000m\000u\000l\000a\000z\000i\000o\000n\000e\000\040\000M\000a\000t\000e\000m\000a\000t\000i\000c\000a}{section.2.1}% 6
\BOOKMARK [2][-]{subsection.2.1.2}{\376\377\000R\000u\000o\000l\000o\000\040\000d\000e\000l\000l\000a\000\040\000T\000e\000m\000p\000e\000r\000a\000t\000u\000r\000a}{section.2.1}% 7
\BOOKMARK [1][-]{section.2.2}{\376\377\000A\000t\000t\000e\000n\000t\000i\000o\000n\000\040\000T\000r\000a\000n\000s\000f\000e\000r}{chapter.2}% 8
\BOOKMARK [2][-]{subsection.2.2.1}{\376\377\000A\000T\000\040\000p\000e\000r\000\040\000I\000m\000m\000a\000g\000i\000n\000i\000\040\0002\000D}{section.2.2}% 9
\BOOKMARK [2][-]{subsection.2.2.2}{\376\377\000E\000s\000t\000e\000n\000s\000i\000o\000n\000e\000\040\000a\000l\000\040\000V\000i\000d\000e\000o\000\040\0003\000D\000:\000\040\000A\000t\000t\000e\000n\000z\000i\000o\000n\000e\000\040\000S\000p\000a\000z\000i\000a\000l\000e\000\040\000e\000\040\000T\000e\000m\000p\000o\000r\000a\000l\000e}{section.2.2}% 10
\BOOKMARK [2][-]{subsection.2.2.3}{\376\377\000L\000o\000s\000s\000\040\000T\000o\000t\000a\000l\000e\000\040\000d\000i\000\040\000D\000i\000s\000t\000i\000l\000l\000a\000t\000i\000o\000n\000\040\000c\000o\000n\000\040\000A\000T}{section.2.2}% 11
\BOOKMARK [1][-]{section.2.3}{\376\377\000B\000o\000r\000n\000-\000A\000g\000a\000i\000n\000\040\000N\000e\000t\000w\000o\000r\000k\000s}{chapter.2}% 12
\BOOKMARK [1][-]{section.2.4}{\376\377\000V\000i\000s\000u\000a\000l\000i\000z\000z\000a\000z\000i\000o\000n\000e\000\040\000t\000-\000S\000N\000E}{chapter.2}% 13
\BOOKMARK [0][-]{chapter.3}{\376\377\000A\000r\000c\000h\000i\000t\000e\000t\000t\000u\000r\000e\000\040\000d\000e\000i\000\040\000M\000o\000d\000e\000l\000l\000i}{}% 14
\BOOKMARK [1][-]{section.3.1}{\376\377\000T\000e\000a\000c\000h\000e\000r\000:\000\040\0003\000D\000\040\000R\000e\000s\000N\000e\000t\000-\0005\0000\000\040\000\050\000s\000l\000o\000w\000\137\000r\0005\0000\000\051}{chapter.3}% 15
\BOOKMARK [1][-]{section.3.2}{\376\377\000S\000t\000u\000d\000e\000n\000t\000:\000\040\000M\000o\000b\000i\000l\000e\000N\000e\000t\0003\000D}{chapter.3}% 16
\BOOKMARK [1][-]{section.3.3}{\376\377\000C\000o\000n\000f\000r\000o\000n\000t\000o\000\040\000D\000i\000m\000e\000n\000s\000i\000o\000n\000a\000l\000e}{chapter.3}% 17
\BOOKMARK [1][-]{section.3.4}{\376\377\000A\000c\000c\000o\000p\000p\000i\000a\000m\000e\000n\000t\000o\000\040\000d\000e\000i\000\040\000L\000a\000y\000e\000r\000\040\000p\000e\000r\000\040\000l\000'\000A\000t\000t\000e\000n\000t\000i\000o\000n\000\040\000T\000r\000a\000n\000s\000f\000e\000r}{chapter.3}% 18
\BOOKMARK [0][-]{chapter.4}{\376\377\000D\000a\000t\000a\000s\000e\000t\000\040\000e\000\040\000P\000r\000o\000t\000o\000c\000o\000l\000l\000o\000\040\000S\000p\000e\000r\000i\000m\000e\000n\000t\000a\000l\000e}{}% 19
\BOOKMARK [1][-]{section.4.1}{\376\377\000U\000C\000F\000-\0001\0000\0001}{chapter.4}% 20
\BOOKMARK [2][-]{subsection.4.1.1}{\376\377\000C\000a\000r\000i\000c\000a\000m\000e\000n\000t\000o\000\040\000e\000\040\000P\000r\000e\000-\000p\000r\000o\000c\000e\000s\000s\000i\000n\000g}{section.4.1}% 21
\BOOKMARK [1][-]{section.4.2}{\376\377\000I\000l\000\040\000P\000r\000o\000b\000l\000e\000m\000a\000\040\000d\000e\000l\000\040\000D\000a\000t\000a\000\040\000L\000e\000a\000k\000a\000g\000e}{chapter.4}% 22
\BOOKMARK [2][-]{subsection.4.2.1}{\376\377\000E\000v\000o\000l\000u\000z\000i\000o\000n\000e\000\040\000d\000e\000g\000l\000i\000\040\000S\000p\000l\000i\000t}{section.4.2}% 23
\BOOKMARK [2][-]{subsection.4.2.2}{\376\377\000I\000m\000p\000a\000t\000t\000o\000\040\000S\000u\000l\000l\000e\000\040\000M\000e\000t\000r\000i\000c\000h\000e}{section.4.2}% 24
\BOOKMARK [2][-]{subsection.4.2.3}{\376\377\000I\000m\000p\000l\000e\000m\000e\000n\000t\000a\000z\000i\000o\000n\000e\000\040\000d\000e\000l\000l\000o\000\040\000S\000p\000l\000i\000t\000\040\000G\000r\000o\000u\000p\000-\000A\000w\000a\000r\000e}{section.4.2}% 25
\BOOKMARK [1][-]{section.4.3}{\376\377\000P\000r\000o\000t\000o\000c\000o\000l\000l\000o\000\040\000S\000p\000e\000r\000i\000m\000e\000n\000t\000a\000l\000e\000\040\000F\000i\000n\000a\000l\000e}{chapter.4}% 26
\BOOKMARK [1][-]{section.4.4}{\376\377\000I\000n\000f\000r\000a\000s\000t\000r\000u\000t\000t\000u\000r\000a\000\040\000C\000o\000m\000p\000u\000t\000a\000z\000i\000o\000n\000a\000l\000e}{chapter.4}% 27
\BOOKMARK [0][-]{chapter.5}{\376\377\000I\000m\000p\000l\000e\000m\000e\000n\000t\000a\000z\000i\000o\000n\000e\000\040\000d\000e\000l\000l\000a\000\040\000P\000i\000p\000e\000l\000i\000n\000e}{}% 28
\BOOKMARK [1][-]{section.5.1}{\376\377\000A\000r\000c\000h\000i\000t\000e\000t\000t\000u\000r\000a\000\040\000d\000e\000l\000l\000a\000\040\000P\000i\000p\000e\000l\000i\000n\000e}{chapter.5}% 29
\BOOKMARK [1][-]{section.5.2}{\376\377\000F\000u\000n\000z\000i\000o\000n\000e\000\040\000d\000i\000\040\000L\000o\000s\000s\000\040\000C\000o\000m\000b\000i\000n\000a\000t\000a}{chapter.5}% 30
\BOOKMARK [1][-]{section.5.3}{\376\377\000I\000l\000\040\000B\000u\000g\000\040\000d\000e\000l\000\040\000B\000l\000o\000c\000k\000\040\0005\000\040\000\050\000`\000`\000K\000e\000y\000\040\0005\000'\000'\000\051}{chapter.5}% 31
\BOOKMARK [1][-]{section.5.4}{\376\377\000G\000e\000s\000t\000i\000o\000n\000e\000\040\000d\000e\000l\000l\000'\000I\000n\000t\000e\000r\000p\000o\000l\000a\000z\000i\000o\000n\000e\000\040\000S\000p\000a\000z\000i\000a\000l\000e}{chapter.5}% 32
\BOOKMARK [1][-]{section.5.5}{\376\377\000W\000a\000r\000m\000u\000p\000\040\000p\000e\000r\000\040\000l\000a\000\040\000K\000n\000o\000w\000l\000e\000d\000g\000e\000\040\000D\000i\000s\000t\000i\000l\000l\000a\000t\000i\000o\000n}{chapter.5}% 33
\BOOKMARK [1][-]{section.5.6}{\376\377\000M\000i\000x\000e\000d\000\040\000P\000r\000e\000c\000i\000s\000i\000o\000n\000\040\000T\000r\000a\000i\000n\000i\000n\000g}{chapter.5}% 34
\BOOKMARK [0][-]{chapter.6}{\376\377\000R\000i\000s\000u\000l\000t\000a\000t\000i\000\040\000S\000p\000e\000r\000i\000m\000e\000n\000t\000a\000l\000i}{}% 35
\BOOKMARK [1][-]{section.6.1}{\376\377\000M\000o\000d\000e\000l\000l\000i\000\040\000d\000i\000\040\000R\000i\000f\000e\000r\000i\000m\000e\000n\000t\000o}{chapter.6}% 36
\BOOKMARK [1][-]{section.6.2}{\376\377\000K\000n\000o\000w\000l\000e\000d\000g\000e\000\040\000D\000i\000s\000t\000i\000l\000l\000a\000t\000i\000o\000n\000:\000\040\000R\000i\000s\000u\000l\000t\000a\000t\000o\000\040\000P\000r\000i\000n\000c\000i\000p\000a\000l\000e}{chapter.6}% 37
\BOOKMARK [1][-]{section.6.3}{\376\377\000T\000e\000m\000p\000e\000r\000a\000t\000u\000r\000e\000\040\000S\000c\000a\000l\000i\000n\000g\000\040\000A\000b\000l\000a\000t\000i\000o\000n}{chapter.6}% 38
\BOOKMARK [2][-]{subsection.6.3.1}{\376\377\000A\000n\000a\000l\000i\000s\000i\000\040\000d\000e\000i\000\040\000R\000i\000s\000u\000l\000t\000a\000t\000i}{section.6.3}% 39
\BOOKMARK [1][-]{section.6.4}{\376\377\000A\000t\000t\000e\000n\000t\000i\000o\000n\000\040\000T\000r\000a\000n\000s\000f\000e\000r}{chapter.6}% 40
\BOOKMARK [2][-]{subsection.6.4.1}{\376\377\000A\000n\000a\000l\000i\000s\000i\000\040\000d\000e\000l\000\040\000R\000i\000s\000u\000l\000t\000a\000t\000o\000\040\000N\000e\000g\000a\000t\000i\000v\000o}{section.6.4}% 41
\BOOKMARK [1][-]{section.6.5}{\376\377\000B\000o\000r\000n\000-\000A\000g\000a\000i\000n\000\040\000N\000e\000t\000w\000o\000r\000k\000s}{chapter.6}% 42
\BOOKMARK [2][-]{subsection.6.5.1}{\376\377\000C\000o\000l\000l\000a\000s\000s\000o\000\040\000G\000e\000n\000e\000r\000a\000z\000i\000o\000n\000a\000l\000e}{section.6.5}% 43
\BOOKMARK [1][-]{section.6.6}{\376\377\000V\000i\000s\000u\000a\000l\000i\000z\000z\000a\000z\000i\000o\000n\000e\000\040\000t\000-\000S\000N\000E\000\040\000d\000e\000l\000l\000o\000\040\000S\000p\000a\000z\000i\000o\000\040\000L\000a\000t\000e\000n\000t\000e}{chapter.6}% 44
\BOOKMARK [1][-]{section.6.7}{\376\377\000C\000o\000n\000f\000u\000s\000i\000o\000n\000\040\000M\000a\000t\000r\000i\000x}{chapter.6}% 45
\BOOKMARK [1][-]{section.6.8}{\376\377\000R\000i\000e\000p\000i\000l\000o\000g\000o\000\040\000Q\000u\000a\000n\000t\000i\000t\000a\000t\000i\000v\000o}{chapter.6}% 46
\BOOKMARK [0][-]{chapter.7}{\376\377\000C\000o\000n\000c\000l\000u\000s\000i\000o\000n\000i\000\040\000e\000\040\000L\000a\000v\000o\000r\000i\000\040\000F\000u\000t\000u\000r\000i}{}% 47
\BOOKMARK [1][-]{section.7.1}{\376\377\000S\000i\000n\000t\000e\000s\000i\000\040\000d\000e\000i\000\040\000R\000i\000s\000u\000l\000t\000a\000t\000i}{chapter.7}% 48
\BOOKMARK [1][-]{section.7.2}{\376\377\000L\000e\000z\000i\000o\000n\000i\000\040\000A\000p\000p\000r\000e\000s\000e}{chapter.7}% 49
\BOOKMARK [1][-]{section.7.3}{\376\377\000L\000i\000m\000i\000t\000i\000\040\000d\000e\000l\000\040\000L\000a\000v\000o\000r\000o}{chapter.7}% 50
\BOOKMARK [1][-]{section.7.4}{\376\377\000L\000a\000v\000o\000r\000i\000\040\000F\000u\000t\000u\000r\000i}{chapter.7}% 51
\BOOKMARK [1][-]{section.7.5}{\376\377\000D\000i\000c\000h\000i\000a\000r\000a\000z\000i\000o\000n\000e\000\040\000s\000u\000l\000l\000'\000U\000s\000o\000\040\000d\000e\000l\000l\000'\000I\000A}{chapter.7}% 52
